// Jest Snapshot v1, https://goo.gl/fbAQLP

exports[`Schematics "modernize-app-migrated-from-6_8-to-2211_19" in CSR app should update the angular.json 1`] = `
"{
  "$schema": "./node_modules/@angular/cli/lib/config/schema.json",
  "version": 1,
  "newProjectRoot": "projects",
  "projects": {
    "test-app-migrated-from-6_8-to-2211_19-csr": {
      "projectType": "application",
      "schematics": {
        "@schematics/angular:component": {
          "style": "scss"
        }
      },
      "root": "",
      "sourceRoot": "src",
      "prefix": "app",
      "architect": {
        "build": {
          "builder": "@angular-devkit/build-angular:application",
          "options": {
            "outputPath": "dist/test-app-migrated-from-6_8-to-2211_19-csr",
            "index": "src/index.html",
            "polyfills": [
              "zone.js"
            ],
            "tsConfig": "tsconfig.app.json",
            "inlineStyleLanguage": "scss",
            "assets": [
              "src/favicon.ico",
              "src/assets",
              {
                "glob": "**/*",
                "input": "./node_modules/@spartacus/smartedit/assets",
                "output": "assets/"
              }
            ],
            "styles": [
              "src/styles.scss",
              "src/styles/spartacus/user.scss",
              "src/styles/spartacus/cart.scss",
              "src/styles/spartacus/order.scss",
              "src/styles/spartacus/checkout.scss",
              "src/styles/spartacus/storefinder.scss",
              "src/styles/spartacus/asm.scss",
              "src/styles/spartacus/product.scss"
            ],
            "scripts": [],
            "stylePreprocessorOptions": {
              "includePaths": [
                "node_modules/"
              ]
            },
            "browser": "src/main.ts"
          },
          "configurations": {
            "production": {
              "budgets": [
                {
                  "type": "initial",
                  "maximumWarning": "500kb",
                  "maximumError": "2.5mb"
                },
                {
                  "type": "anyComponentStyle",
                  "maximumWarning": "2kb",
                  "maximumError": "4kb"
                }
              ],
              "outputHashing": "all"
            },
            "development": {
              "optimization": false,
              "extractLicenses": false,
              "sourceMap": true
            }
          },
          "defaultConfiguration": "production"
        },
        "serve": {
          "builder": "@angular-devkit/build-angular:dev-server",
          "configurations": {
            "production": {
              "buildTarget": "test-app-migrated-from-6_8-to-2211_19-csr:build:production"
            },
            "development": {
              "buildTarget": "test-app-migrated-from-6_8-to-2211_19-csr:build:development"
            }
          },
          "defaultConfiguration": "development"
        },
        "extract-i18n": {
          "builder": "@angular-devkit/build-angular:extract-i18n",
          "options": {
            "buildTarget": "test-app-migrated-from-6_8-to-2211_19-csr:build"
          }
        },
        "test": {
          "builder": "@angular-devkit/build-angular:karma",
          "options": {
            "polyfills": [
              "zone.js",
              "zone.js/testing"
            ],
            "tsConfig": "tsconfig.spec.json",
            "inlineStyleLanguage": "scss",
            "assets": [
              "src/favicon.ico",
              "src/assets",
              {
                "glob": "**/*",
                "input": "./node_modules/@spartacus/smartedit/assets",
                "output": "assets/"
              }
            ],
            "styles": [
              "src/styles.scss",
              "src/styles/spartacus/user.scss",
              "src/styles/spartacus/cart.scss",
              "src/styles/spartacus/order.scss",
              "src/styles/spartacus/checkout.scss",
              "src/styles/spartacus/storefinder.scss",
              "src/styles/spartacus/asm.scss",
              "src/styles/spartacus/product.scss"
            ],
            "scripts": [],
            "stylePreprocessorOptions": {
              "includePaths": [
                "node_modules/"
              ]
            }
          }
        }
      }
    }
  }
}"
`;

exports[`Schematics "modernize-app-migrated-from-6_8-to-2211_19" in CSR app should update the tsconfig.json 1`] = `
"{
  "compileOnSave": false,
  "compilerOptions": {
    "outDir": "./dist/out-tsc",
    "strict": true,
    "noImplicitOverride": true,
    "noPropertyAccessFromIndexSignature": true,
    "noImplicitReturns": true,
    "noFallthroughCasesInSwitch": true,
    "sourceMap": true,
    "declaration": false,
    "experimentalDecorators": true,
    "moduleResolution": "node",
    "importHelpers": true,
    "target": "ES2022",
    "module": "ES2022",
    "useDefineForClassFields": false,
    "lib": [
      "ES2022",
      "dom"
    ],
    "skipLibCheck": true,
    "esModuleInterop": true
  },
  "angularCompilerOptions": {
    "enableI18nLegacyMessageIdFormat": false,
    "strictInjectionParameters": true,
    "strictInputAccessModifiers": true,
    "strictTemplates": true
  }
}"
`;
