// Jest Snapshot v1, https://goo.gl/fbAQLP

exports[`Spartacus Schematics: ng-add should add spartacus properly with SSR 1`] = `
"import { NgModule } from '@angular/core';
import { BrowserModule,  } from '@angular/platform-browser';

import { provideHttpClient, withFetch, withInterceptorsFromDi } from "@angular/common/http";
import { EffectsModule } from "@ngrx/effects";
import { StoreModule } from "@ngrx/store";
import { AppRoutingModule } from "@spartacus/storefront";
import { AppComponent } from './app.component';
import { SpartacusModule } from './spartacus/spartacus.module';

@NgModule({
  declarations: [
    AppComponent
  ],
  imports: [
    BrowserModule,
    StoreModule.forRoot({}),
    AppRoutingModule,
    EffectsModule.forRoot([]),
    SpartacusModule
  ],
  providers: [provideHttpClient(withFetch(), withInterceptorsFromDi()),],
  bootstrap: [AppComponent]
})
export class AppModule { }
"
`;

exports[`Spartacus Schematics: ng-add should add spartacus properly with SSR 2`] = `
"{
  "name": "workspace",
  "version": "0.0.0",
  "scripts": {
    "ng": "ng",
    "start": "ng serve",
    "build": "ng build",
    "watch": "ng build --watch --configuration development",
    "test": "ng test",
    "serve:ssr:schematics-test": "node dist/schematics-test/server/server.mjs",
    "build:ssr": "ng build"
  },
  "private": true,
  "dependencies": {
    "@angular/animations": "^18.2.0",
    "@angular/common": "^18.2.0",
    "@angular/compiler": "^18.2.0",
    "@angular/core": "^18.2.0",
    "@angular/forms": "^18.2.0",
    "@angular/platform-browser": "^18.2.0",
    "@angular/platform-browser-dynamic": "^18.2.0",
    "@angular/platform-server": "^18.2.0",
    "@angular/router": "^18.2.0",
    "@angular/service-worker": "^18.2.9",
    "@angular/ssr": "^18.2.9",
    "@fontsource/open-sans": "^5.1.0",
    "@fortawesome/fontawesome-free": "6.7.2",
    "@ng-select/ng-select": "^13.9.1",
    "@ngrx/effects": "^18.1.1",
    "@ngrx/router-store": "^18.1.1",
    "@ngrx/store": "^18.1.1",
    "@spartacus/assets": "~2211.32.0",
    "@spartacus/core": "~2211.32.0",
    "@spartacus/setup": "~2211.32.0",
    "@spartacus/storefront": "~2211.32.0",
    "@spartacus/styles": "~2211.32.0",
    "angular-oauth2-oidc": "^17.0.1",
    "express": "^4.18.2",
    "i18next": "^24.2.1",
    "i18next-http-backend": "^3.0.1",
    "i18next-resources-to-backend": "^1.2.1",
    "ngx-infinite-scroll": "^18.0.0",
    "rxjs": "~7.8.0",
    "tslib": "^2.3.0",
    "zone.js": "~0.14.10"
  },
  "devDependencies": {
    "@angular-devkit/build-angular": "^18.2.9",
    "@angular-devkit/core": "^18.2.9",
    "@angular-devkit/schematics": "^18.2.9",
    "@angular/cli": "^0.5.0",
    "@angular/compiler": "^18.2.9",
    "@angular/compiler-cli": "^18.2.0",
    "@schematics/angular": "^18.2.9",
    "@types/express": "^4.17.17",
    "@types/jasmine": "~5.1.0",
    "@types/node": "^18.18.0",
    "jasmine-core": "~5.2.0",
    "jsonc-parser": "^3.3.1",
    "karma": "~6.4.0",
    "karma-chrome-launcher": "~3.2.0",
    "karma-coverage": "~2.2.0",
    "karma-jasmine": "~5.1.0",
    "karma-jasmine-html-reporter": "~2.1.0",
    "parse5": "^7.2.1",
    "typescript": "~5.5.2"
  }
}"
`;

exports[`Spartacus Schematics: ng-add should add spartacus properly with SSR 3`] = `
"import { NgModule } from '@angular/core';
import { ServerModule } from '@angular/platform-server';

import { AppModule } from './app.module';
import { AppComponent } from './app.component';
import { provideServer } from '@spartacus/setup/ssr';

@NgModule({
  imports: [
    AppModule,
    ServerModule,
  ],
  bootstrap: [AppComponent],
  providers: [
    ...provideServer({
       serverRequestOrigin: process.env['SERVER_REQUEST_ORIGIN'],
     }),
  ],
})
export class AppServerModule {}
"
`;
