// Jest Snapshot v1, https://goo.gl/fbAQLP

exports[`Schematics "modernize-app-migrated-from-2211_32-to-2211_36" in CSR app should update the angular.json 1`] = `
"{
  "$schema": "./node_modules/@angular/cli/lib/config/schema.json",
  "version": 1,
  "newProjectRoot": "projects",
  "projects": {
    "test-app-migrated-from-2211_32-to-2211_36-csr": {
      "projectType": "application",
      "schematics": {
        "@schematics/angular:component": {
          "style": "scss",
          "standalone": false
        },
        "@schematics/angular:directive": {
          "standalone": false
        },
        "@schematics/angular:pipe": {
          "standalone": false
        }
      },
      "root": "",
      "sourceRoot": "src",
      "prefix": "app",
      "architect": {
        "build": {
          "builder": "@angular-devkit/build-angular:application",
          "options": {
            "outputPath": "dist/test-app-migrated-from-2211_32-to-2211_36-csr",
            "index": "src/index.html",
            "browser": "src/main.ts",
            "polyfills": [
              "zone.js"
            ],
            "tsConfig": "tsconfig.app.json",
            "inlineStyleLanguage": "scss",
            "assets": [
              {
                "glob": "**/*",
                "input": "public"
              },
              {
                "glob": "**/*",
                "input": "./node_modules/@spartacus/smartedit/assets",
                "output": "assets/"
              }
            ],
            "styles": [
              "src/styles.scss",
              "src/styles/spartacus/user.scss",
              "src/styles/spartacus/cart.scss",
              "src/styles/spartacus/order.scss",
              "src/styles/spartacus/checkout.scss",
              "src/styles/spartacus/storefinder.scss",
              "src/styles/spartacus/asm.scss",
              "src/styles/spartacus/product.scss"
            ],
            "scripts": [],
            "stylePreprocessorOptions": {
              "includePaths": [
                "node_modules/"
              ],
              "sass": {
                "silenceDeprecations": [
                  "import"
                ]
              }
            }
          },
          "configurations": {
            "production": {
              "budgets": [
                {
                  "type": "initial",
                  "maximumWarning": "500kb",
                  "maximumError": "3.5mb"
                },
                {
                  "type": "anyComponentStyle",
                  "maximumWarning": "2kb",
                  "maximumError": "4kb"
                }
              ],
              "outputHashing": "all"
            },
            "development": {
              "optimization": false,
              "extractLicenses": false,
              "sourceMap": true
            }
          },
          "defaultConfiguration": "production"
        },
        "serve": {
          "builder": "@angular-devkit/build-angular:dev-server",
          "configurations": {
            "production": {
              "buildTarget": "test-app-migrated-from-2211_32-to-2211_36-csr:build:production"
            },
            "development": {
              "buildTarget": "test-app-migrated-from-2211_32-to-2211_36-csr:build:development"
            }
          },
          "defaultConfiguration": "development"
        },
        "extract-i18n": {
          "builder": "@angular-devkit/build-angular:extract-i18n",
          "options": {
            "buildTarget": "test-app-migrated-from-2211_32-to-2211_36-csr:build"
          }
        },
        "test": {
          "builder": "@angular-devkit/build-angular:karma",
          "options": {
            "polyfills": [
              "zone.js",
              "zone.js/testing"
            ],
            "tsConfig": "tsconfig.spec.json",
            "inlineStyleLanguage": "scss",
            "assets": [
              {
                "glob": "**/*",
                "input": "public"
              },
              {
                "glob": "**/*",
                "input": "./node_modules/@spartacus/smartedit/assets",
                "output": "assets/"
              }
            ],
            "styles": [
              "src/styles.scss",
              "src/styles/spartacus/user.scss",
              "src/styles/spartacus/cart.scss",
              "src/styles/spartacus/order.scss",
              "src/styles/spartacus/checkout.scss",
              "src/styles/spartacus/storefinder.scss",
              "src/styles/spartacus/asm.scss",
              "src/styles/spartacus/product.scss"
            ],
            "scripts": [],
            "stylePreprocessorOptions": {
              "includePaths": [
                "node_modules/"
              ]
            }
          }
        }
      }
    }
  }
}"
`;

exports[`Schematics "modernize-app-migrated-from-2211_32-to-2211_36" in CSR app should update the src/app/spartacus/spartacus-configuration.module.ts 1`] = `
"import { NgModule } from '@angular/core';
import { translationChunksConfig } from '@spartacus/assets';
import {
  FeaturesConfig,
  I18nConfig,
  OccConfig,
  provideConfig,
  SiteContextConfig,
} from '@spartacus/core';
import {
  defaultCmsContentProviders,
  layoutConfig,
  mediaConfig,
} from '@spartacus/storefront';

@NgModule({
  declarations: [],
  imports: [],
  providers: [
    provideConfig(layoutConfig),
    provideConfig(mediaConfig),
    ...defaultCmsContentProviders,
    provideConfig(<OccConfig>{
      backend: {
        occ: {
          baseUrl: 'https://40.76.109.9:9002',
        },
      },
    }),
    provideConfig(<SiteContextConfig>{
      context: {},
    }),
    provideConfig(<I18nConfig>{
      i18n: {
        backend: {
          loader: (language: string, chunkName: string) => {
            return import(
              \`../../../public/i18n-assets/\${language}/\${chunkName}.json\`
            );
          },
        },
        chunks: translationChunksConfig,
        fallbackLang: 'en',
      },
    }),
    provideConfig(<FeaturesConfig>{
      features: {
        level: '2211.32',
      },
    }),
  ],
})
export class SpartacusConfigurationModule {}
"
`;

exports[`Schematics "modernize-app-migrated-from-2211_32-to-2211_36" in CSR app should update the src/main.ts 1`] = `
"import { platformBrowserDynamic } from '@angular/platform-browser-dynamic';

import { AppModule } from './app/app.module';


platformBrowserDynamic().bootstrapModule(AppModule, { ngZoneEventCoalescing: true })
  .catch(err => console.error(err));
"
`;

exports[`Schematics "modernize-app-migrated-from-2211_32-to-2211_36" in CSR app should update the tsconfig.json 1`] = `
"{
  "compileOnSave": false,
  "compilerOptions": {
    "outDir": "./dist/out-tsc",
    "strict": true,
    "noImplicitOverride": true,
    "noPropertyAccessFromIndexSignature": true,
    "noImplicitReturns": true,
    "noFallthroughCasesInSwitch": true,
    "skipLibCheck": true,
    "esModuleInterop": true,
    "experimentalDecorators": true,
    "importHelpers": true,
    "target": "ES2022",
    "module": "ES2022",
    "isolatedModules": true,
    "moduleResolution": "bundler"
  },
  "angularCompilerOptions": {
    "enableI18nLegacyMessageIdFormat": false,
    "strictInjectionParameters": true,
    "strictInputAccessModifiers": true,
    "strictTemplates": true
  }
}"
`;
